\BOOKMARK [0][-]{chapter.1}{\376\377\000C\000a\000d\000r\000e\000\040\000s\000c\000i\000e\000n\000t\000i\000f\000i\000q\000u\000e\000\040\000e\000t\000\040\000p\000r\000o\000b\000l\000\351\000m\000a\000t\000i\000q\000u\000e\000\040\000d\000e\000\040\000r\000e\000c\000h\000e\000r\000c\000h\000e}{}% 1
\BOOKMARK [1][-]{section.1.1}{\376\377\000I\000n\000t\000r\000o\000d\000u\000c\000t\000i\000o\000n}{chapter.1}% 2
\BOOKMARK [1][-]{section.1.2}{\376\377\000C\000o\000n\000t\000e\000x\000t\000e\000\040\000s\000c\000i\000e\000n\000t\000i\000f\000i\000q\000u\000e}{chapter.1}% 3
\BOOKMARK [2][-]{subsection.1.2.1}{\376\377\000D\000\351\000t\000e\000c\000t\000i\000o\000n\000\040\000d\000'\000i\000n\000t\000r\000u\000s\000i\000o\000n\000s\000\040\000d\000a\000n\000s\000\040\000l\000e\000s\000\040\000e\000n\000v\000i\000r\000o\000n\000n\000e\000m\000e\000n\000t\000s\000\040\000I\000o\000T}{section.1.2}% 4
\BOOKMARK [2][-]{subsection.1.2.2}{\376\377\000J\000e\000u\000\040\000d\000e\000\040\000d\000o\000n\000n\000\351\000e\000s\000\040\000R\000T\000-\000I\000o\000T\0002\0000\0002\0002}{section.1.2}% 5
\BOOKMARK [1][-]{section.1.3}{\376\377\000A\000n\000a\000l\000y\000s\000e\000\040\000d\000e\000s\000\040\000a\000p\000p\000r\000o\000c\000h\000e\000s\000\040\000e\000x\000i\000s\000t\000a\000n\000t\000e\000s}{chapter.1}% 6
\BOOKMARK [2][-]{subsection.1.3.1}{\376\377\000D\000\351\000t\000e\000c\000t\000i\000o\000n\000\040\000p\000a\000r\000\040\000s\000i\000g\000n\000a\000t\000u\000r\000e\000s\000\040\000e\000t\000\040\000d\000\351\000t\000e\000c\000t\000i\000o\000n\000\040\000s\000t\000a\000t\000i\000s\000t\000i\000q\000u\000e}{section.1.3}% 7
\BOOKMARK [2][-]{subsection.1.3.2}{\376\377\000C\000l\000a\000s\000s\000i\000f\000i\000c\000a\000t\000i\000o\000n\000\040\000s\000u\000p\000e\000r\000v\000i\000s\000\351\000e\000\040\000d\000e\000s\000\040\000f\000l\000u\000x}{section.1.3}% 8
\BOOKMARK [2][-]{subsection.1.3.3}{\376\377\000L\000i\000m\000i\000t\000e\000s\000\040\000d\000e\000s\000\040\000v\000a\000l\000i\000d\000a\000t\000i\000o\000n\000s\000\040\000u\000s\000u\000e\000l\000l\000e\000s}{section.1.3}% 9
\BOOKMARK [1][-]{section.1.4}{\376\377\000P\000r\000o\000b\000l\000\351\000m\000a\000t\000i\000q\000u\000e\000\040\000e\000t\000\040\000q\000u\000e\000s\000t\000i\000o\000n\000s\000\040\000d\000e\000\040\000r\000e\000c\000h\000e\000r\000c\000h\000e}{chapter.1}% 10
\BOOKMARK [1][-]{section.1.5}{\376\377\000S\000o\000l\000u\000t\000i\000o\000n\000\040\000p\000r\000o\000p\000o\000s\000\351\000e\000\040\000e\000t\000\040\000p\000\351\000r\000i\000m\000\350\000t\000r\000e}{chapter.1}% 11
\BOOKMARK [1][-]{section.1.6}{\376\377\000D\000\351\000m\000a\000r\000c\000h\000e\000\040\000d\000e\000\040\000r\000e\000c\000h\000e\000r\000c\000h\000e}{chapter.1}% 12
\BOOKMARK [1][-]{section.1.7}{\376\377\000C\000o\000n\000c\000l\000u\000s\000i\000o\000n}{chapter.1}% 13
\BOOKMARK [0][-]{appendix.A}{\376\377\000P\000r\000i\000n\000c\000i\000p\000a\000l\000e\000s\000\040\000i\000n\000t\000e\000r\000f\000a\000c\000e\000s\000\040\000d\000u\000\040\000p\000r\000o\000t\000o\000t\000y\000p\000e}{}% 14
\BOOKMARK [1][-]{section.A.1}{\376\377\000S\000u\000p\000e\000r\000v\000i\000s\000i\000o\000n\000\040\000o\000p\000\351\000r\000a\000t\000i\000o\000n\000n\000e\000l\000l\000e}{appendix.A}% 15
\BOOKMARK [1][-]{section.A.2}{\376\377\000I\000n\000v\000e\000s\000t\000i\000g\000a\000t\000i\000o\000n\000\040\000d\000e\000s\000\040\000a\000l\000e\000r\000t\000e\000s}{appendix.A}% 16
\BOOKMARK [1][-]{section.A.3}{\376\377\000C\000a\000r\000t\000o\000g\000r\000a\000p\000h\000i\000e\000\040\000d\000e\000s\000\040\000c\000o\000m\000m\000u\000n\000i\000c\000a\000t\000i\000o\000n\000s}{appendix.A}% 17
\BOOKMARK [1][-]{section.A.4}{\376\377\000L\000a\000b\000o\000r\000a\000t\000o\000i\000r\000e\000\040\000d\000'\000o\000b\000s\000e\000r\000v\000a\000t\000i\000o\000n\000s}{appendix.A}% 18
\BOOKMARK [1][-]{section.A.5}{\376\377\000A\000d\000a\000p\000t\000a\000t\000i\000o\000n\000\040\000a\000u\000x\000\040\000p\000e\000t\000i\000t\000s\000\040\000\351\000c\000r\000a\000n\000s}{appendix.A}% 19
\BOOKMARK [0][-]{figure.caption.14}{\376\377\000B\000i\000b\000l\000i\000o\000g\000r\000a\000p\000h\000i\000e\000\040\000e\000t\000\040\000w\000e\000b\000o\000g\000r\000a\000p\000h\000i\000e}{}% 20
